---
http_interactions:
- request:
    method: post
    uri: http://localhost:3000/api/v1/users?params=%7B%22name%22:%22Test%20User%22,%22email%22:%22test@test.com%22,%22address%22:%221600%20Pennsylvania%20Ave,%20Washington%22%7D
    body:
      encoding: UTF-8
      string: ''
    headers:
      User-Agent:
      - Faraday v2.3.0
      Content-Length:
      - '0'
      Accept-Encoding:
      - gzip;q=1.0,deflate;q=0.6,identity;q=0.3
      Accept:
      - "*/*"
  response:
    status:
      code: 201
      message: Created
    headers:
      Content-Type:
      - application/json; charset=utf-8
      Etag:
      - W/"e2900693bb5e7604d9be3444948523e9"
      Cache-Control:
      - max-age=0, private, must-revalidate
      X-Request-Id:
      - b37517b2-0122-4ce2-929b-6a70eb9ac9ef
      X-Runtime:
      - '0.004217'
      Transfer-Encoding:
      - chunked
    body:
      encoding: UTF-8
      string: '{"data":{"id":"5","type":"user","attributes":{"name":"Test User","email":"test@test.com","address":"1600
        Pennsylvania Ave, Washington"}}}'
  recorded_at: Wed, 08 Jun 2022 15:48:37 GMT
- request:
    method: get
    uri: http://localhost:3000/api/v1/search_by_user?params=%7B%22address_1%22:%2223%20U%20St%20NW,%20Washington,%20DC%2020001%22,%22user_b_email%22:%22test@test.com%22,%22category%22:%22cafe%22%7D
    body:
      encoding: US-ASCII
      string: ''
    headers:
      User-Agent:
      - Faraday v2.3.0
      Accept-Encoding:
      - gzip;q=1.0,deflate;q=0.6,identity;q=0.3
      Accept:
      - "*/*"
  response:
    status:
      code: 200
      message: OK
    headers:
      Content-Type:
      - application/json; charset=utf-8
      Etag:
      - W/"e081b7bdf8df5f854e4095ff4a55bada"
      Cache-Control:
      - max-age=0, private, must-revalidate
      X-Request-Id:
      - 579ff251-75cb-4257-b5aa-966729161d80
      X-Runtime:
      - '0.641195'
      Transfer-Encoding:
      - chunked
    body:
      encoding: UTF-8
      string: '{"data":[{"id":"581","type":"location","attributes":{"id":581,"name":"Busboys
        and Poets","place_id":"ChIJ2TVI4Yy3t4kRWDjaOE-LISc","address":"450 K Street
        Northwest, Washington","lat":38.90223710000001,"lng":-77.0180877,"rating":4.4,"image_url":"Aap_uEDKeiPfpZE9KwFKP2nmFDY1P53l-UBkOmDubujsZCkQwlbtErhiRfK9U8RlOdTQVcIdi6jx3c-JPZWoCmwVLcjRUW4oFUktXwGeZrYyE-fbizjmiDRwhIl8Mw-MxSVGbFiszVjPlSb65-wuZWhDYf9LQYejMbdt3qkH-7PpEMkaHpgw","price_level":2}},{"id":"582","type":"location","attributes":{"id":582,"name":"Le
        Diplomate","place_id":"ChIJgYIki-m3t4kRZImvuN_pp9Q","address":"1601 14th Street
        Northwest, Washington","lat":38.911365,"lng":-77.0316635,"rating":4.6,"image_url":"Aap_uEAeznx3JpOC5DB7B15CJU3q9ywkl8_4QLZ7eCy8kLVUz0Vmdl4Kr-yQZqMIp00vXMW_lkypkRwpCgb127oFG1J6DG6sldbVTpgn9qC_RX4W8GQ_aSi83-9NGaHQx0cs1_Xn7J9WsV2_58HAC9l_jXuXWdDd7a521hZuVTRCeHHxX_Wo","price_level":3}},{"id":"583","type":"location","attributes":{"id":583,"name":"Dunkin''","place_id":"ChIJc2hfT463t4kRsSChl7fH-Ok","address":"Capital
        One Arena, 601 F Street Northwest, Washington","lat":38.898361,"lng":-77.021785,"rating":3.4,"image_url":"Aap_uEBUBmI6GTmgFSdPa4RyfX5IbFtGbPb-UYQaerA4K_H3y1a_u1Ds3w5Np6Pxd8k1sodsNuDFx7STZFLWiOXjqLNn9KuipkBAA4HvelwCtgZxCaE07HTOLWjHn-M2usxaE5auUhYF1QO_HlMKgpIS3W4TNMv6X7zxmrx6RT1hFRdAvoGq","price_level":1}},{"id":"584","type":"location","attributes":{"id":584,"name":"McDonald''s","place_id":"ChIJzd4oJ5S3t4kRdOWbVWMM-6Y","address":"1235
        New York Avenue Northwest, Washington","lat":38.900598,"lng":-77.02937299999999,"rating":3.6,"image_url":"Aap_uEAUQ3KCw3cKiPXiVwtsjrLcioCZKmX02ZKkFHOHsYhHQyhXeGPQ2wS0RQN1wmJEUsIU-I3wZQJ8FGTiM8hu6Lr63-tky3_mEtf5oELpg5k-F1DS1w_M21BoVbLPHBFMhWHJkTRqKp4hGS15yEWvpfLLeD35FupCUBBhffzRPTw-mO94","price_level":1}},{"id":"585","type":"location","attributes":{"id":585,"name":"Ted''s
        Bulletin","place_id":"ChIJkceyP-i3t4kRISOyo8QO6Mo","address":"1818 14th Street
        Northwest, Washington","lat":38.9146882,"lng":-77.0321529,"rating":4.5,"image_url":"Aap_uEBnzxkVpAh60P2k1Eu_N0VBCpeIye6ATfFZMzzeJWMseIVdeocDxBd7XmWIwIiPS-baQCC31VGGBlB94fbIkAgtRjiJVkX2JlueWFZaY4KUJN2a8zDl7SyBWntDt2YB1EjEVem6vbAGKPTlaqMtP5aNg90criLm6fYBKwSDasMbsr5Y","price_level":2}}]}'
  recorded_at: Wed, 08 Jun 2022 15:48:37 GMT
- request:
    method: get
    uri: http://localhost:3000/api/v1/search_by_user?params=%7B%22address_1%22:%2223%20U%20St%20NW,%20Washington,%20DC%2020001%22,%22user_b_email%22:%22test@test.com%22,%22category%22:%22cafe%22%7D
    body:
      encoding: US-ASCII
      string: ''
    headers:
      User-Agent:
      - Faraday v2.3.0
      Accept-Encoding:
      - gzip;q=1.0,deflate;q=0.6,identity;q=0.3
      Accept:
      - "*/*"
  response:
    status:
      code: 200
      message: OK
    headers:
      Content-Type:
      - application/json; charset=utf-8
      Etag:
      - W/"e7408b885ebc66baf77fc5c60f8cda62"
      Cache-Control:
      - max-age=0, private, must-revalidate
      X-Request-Id:
      - 48b26bc6-a26d-43d2-924e-fb4cea0bb1cc
      X-Runtime:
      - '0.570927'
      Transfer-Encoding:
      - chunked
    body:
      encoding: UTF-8
      string: '{"data":[{"id":"601","type":"location","attributes":{"id":601,"name":"Busboys
        and Poets","place_id":"ChIJ2TVI4Yy3t4kRWDjaOE-LISc","address":"450 K Street
        Northwest, Washington","lat":38.90223710000001,"lng":-77.0180877,"rating":4.4,"image_url":"Aap_uECnnwQkiAjJm6qVQQKKxXg3lr9a0m5RjHPimz6URtNZt-e_H7TorfMe1fr_zTf85JM91T_K0BNGW3baMt4fNjqqwqbNlFDC1dgT3J8DPAUg5lXUfnSOQKVzPPcwUoJS4CdVfDGHclDe9Zcos-HUf9jV-gtmY95VeqxQ5w--YbDiGJYB","price_level":2}},{"id":"602","type":"location","attributes":{"id":602,"name":"Le
        Diplomate","place_id":"ChIJgYIki-m3t4kRZImvuN_pp9Q","address":"1601 14th Street
        Northwest, Washington","lat":38.911365,"lng":-77.0316635,"rating":4.6,"image_url":"Aap_uEDrJklerbmNax3TrKt_Rw6uDz4RlThgfDMc3nDg8m97YVNQXDNWcLzepO1RnmLjTgU-4fTGPUBdCkpkc-i90vslUN02PYki9vRi9Go8212YyQ8CIvf5mBKMDSugomR2b5Jfn0ZP3lIDgQji8Wh_9TvMFDXS_VnTyqpULSvnDGtN0zgk","price_level":3}},{"id":"603","type":"location","attributes":{"id":603,"name":"Dunkin''","place_id":"ChIJc2hfT463t4kRsSChl7fH-Ok","address":"Capital
        One Arena, 601 F Street Northwest, Washington","lat":38.898361,"lng":-77.021785,"rating":3.4,"image_url":"Aap_uEBNA_oQlo3gbZqhmRcIOiHucUIKL9fUXMFf6Sk5_kmvBpMvSwMAHJxNw_7oncgrTB7EQSX7TnhHDqKvKMXz6EcbpPvtcoU825qXoLrvnSg-Dqf8l1Xi_3jQFkRXjzTADyQjnshUvUcmMHAmt09TAaeqGbK3PUjDz-LdH5CIfbpyLCXm","price_level":1}},{"id":"604","type":"location","attributes":{"id":604,"name":"McDonald''s","place_id":"ChIJzd4oJ5S3t4kRdOWbVWMM-6Y","address":"1235
        New York Avenue Northwest, Washington","lat":38.900598,"lng":-77.02937299999999,"rating":3.6,"image_url":"Aap_uED6hgGShgCZB98rLxLUZV_j-YqVCEd09ctQhvCZF3p5X58-8NVvzeVsIaBavA8bIwd0Co9IpMPZhQ6Dh9TCc06pBX-5Mw3RhqxHoJYyosXl6SX5h5K_JJFSXygeGsGyK4uXavHPshLvF3EuJuul101aVUQpFAyddcMCysAvltrmeZ-s","price_level":1}},{"id":"605","type":"location","attributes":{"id":605,"name":"Ted''s
        Bulletin","place_id":"ChIJkceyP-i3t4kRISOyo8QO6Mo","address":"1818 14th Street
        Northwest, Washington","lat":38.9146882,"lng":-77.0321529,"rating":4.5,"image_url":"Aap_uEBJcrzCWsUmV2f6Ne8pvTc7LCllskW9F9258gc96g9AmxFpdgv_esT5oefpWhV1d5gluN-8UTiL4IvC5GjGyRsWZOgFTY_43YYpobwGumHcRHs_v81Hsm1LzlFNox6jaumh3e5XxS6SL7TpPV6EmNwCTmtpCY2bGmcLu0GaUIICEzjm","price_level":2}}]}'
  recorded_at: Wed, 08 Jun 2022 15:48:38 GMT
recorded_with: VCR 6.1.0
